// Jest Snapshot v1, https://goo.gl/fbAQLP

exports[`heatmap cell highlights on click 1`] = `
Array [
  "0",
  "2",
  "1",
  "0",
  "3",
  "2",
  "2",
  "0",
  "1",
  "2",
  "1",
  "4",
  "3",
  "2",
  "2",
  "6",
  "3",
  "7",
  "7",
  "2",
  "4",
  "3",
  "3",
  "2",
  "2",
  "1",
  "3",
  "2",
  "1",
  "1",
  "2",
  "0",
  "1",
  "5",
  "3",
  "3",
  "6",
  "6",
  "1",
  "8",
  "2",
  "5",
  "8",
  "4",
  "4",
  "4",
  "5",
  "3",
  "2",
  "1",
  "1",
  "2",
  "3",
  "0",
  "1",
  "0",
  "1",
  "1",
  "1",
  "3",
  "1",
  "1",
  "4",
  "7",
  "5",
  "7",
  "12",
  "5",
  "10",
  "1",
  "3",
  "4",
  "3",
  "1",
  "0",
  "1",
  "1",
  "3",
  "1",
  "2",
  "0",
  "3",
  "2",
  "4",
  "4",
  "1",
  "4",
  "3",
  "2",
  "5",
  "3",
  "6",
  "9",
  "2",
  "2",
  "2",
  "5",
  "5",
  "1",
  "0",
  "1",
  "0",
  "0",
  "1",
  "0",
  "0",
  "4",
  "5",
  "2",
  "3",
  "4",
  "3",
  "4",
  "6",
  "5",
  "9",
  "8",
  "0",
  "4",
  "3",
  "5",
  "6",
  "2",
  "4",
  "3",
  "3",
  "0",
  "3",
  "0",
  "1",
  "3",
  "1",
  "3",
  "1",
  "2",
  "3",
  "8",
  "7",
  "4",
  "3",
  "2",
  "5",
  "3",
  "7",
  "1",
  "2",
  "1",
  "1",
  "1",
  "1",
  "4",
  "2",
  "0",
  "1",
  "2",
  "1",
  "4",
  "4",
  "4",
  "7",
  "3",
  "2",
  "7",
  "5",
  "2",
  "6",
  "4",
  "1",
]
`;

exports[`heatmap loads and renders top posts for subreddit in URL 1`] = `
Array [
  "0",
  "2",
  "1",
  "0",
  "3",
  "2",
  "2",
  "0",
  "1",
  "2",
  "1",
  "4",
  "3",
  "2",
  "2",
  "6",
  "3",
  "7",
  "7",
  "2",
  "4",
  "3",
  "3",
  "2",
  "2",
  "1",
  "3",
  "2",
  "1",
  "1",
  "2",
  "0",
  "1",
  "5",
  "3",
  "3",
  "6",
  "6",
  "1",
  "8",
  "2",
  "5",
  "8",
  "4",
  "4",
  "4",
  "5",
  "3",
  "2",
  "1",
  "1",
  "2",
  "3",
  "0",
  "1",
  "0",
  "1",
  "1",
  "1",
  "3",
  "1",
  "1",
  "4",
  "7",
  "5",
  "7",
  "12",
  "5",
  "10",
  "1",
  "3",
  "4",
  "3",
  "1",
  "0",
  "1",
  "1",
  "3",
  "1",
  "2",
  "0",
  "3",
  "2",
  "4",
  "4",
  "1",
  "4",
  "3",
  "2",
  "5",
  "3",
  "6",
  "9",
  "2",
  "2",
  "2",
  "5",
  "5",
  "1",
  "0",
  "1",
  "0",
  "0",
  "1",
  "0",
  "0",
  "4",
  "5",
  "2",
  "3",
  "4",
  "3",
  "4",
  "6",
  "5",
  "9",
  "8",
  "0",
  "4",
  "3",
  "5",
  "6",
  "2",
  "4",
  "3",
  "3",
  "0",
  "3",
  "0",
  "1",
  "3",
  "1",
  "3",
  "1",
  "2",
  "3",
  "8",
  "7",
  "4",
  "3",
  "2",
  "5",
  "3",
  "7",
  "1",
  "2",
  "1",
  "1",
  "1",
  "1",
  "4",
  "2",
  "0",
  "1",
  "2",
  "1",
  "4",
  "4",
  "4",
  "7",
  "3",
  "2",
  "7",
  "5",
  "2",
  "6",
  "4",
  "1",
]
`;
